EN halfadder NULL C:/Users/ASUS.PIESC/OneDrive/Desktop/Programing/VHDL/FullAdder_Lab1/HalfAdder.vhd sub00/vhpl04 1645698964
EN or2input NULL C:/Users/ASUS.PIESC/OneDrive/Desktop/Programing/VHDL/FullAdder_Lab1/Or2Input.vhd sub00/vhpl06 1645698966
EN fulladder NULL C:/Users/ASUS.PIESC/OneDrive/Desktop/Programing/VHDL/FullAdder_Lab1/FullAdder.vhd sub00/vhpl08 1645698968
AR or2input behavioral C:/Users/ASUS.PIESC/OneDrive/Desktop/Programing/VHDL/FullAdder_Lab1/Or2Input.vhd sub00/vhpl07 1645698967
AR halfadder structure C:/Users/ASUS.PIESC/OneDrive/Desktop/Programing/VHDL/FullAdder_Lab1/HalfAdder.vhd sub00/vhpl05 1645698965
EN and2input NULL C:/Users/ASUS.PIESC/OneDrive/Desktop/Programing/VHDL/FullAdder_Lab1/And2Input.vhd sub00/vhpl02 1645698962
AR and2input behavioral C:/Users/ASUS.PIESC/OneDrive/Desktop/Programing/VHDL/FullAdder_Lab1/And2Input.vhd sub00/vhpl03 1645698963
EN xorinput NULL C:/Users/ASUS.PIESC/OneDrive/Desktop/Programing/VHDL/FullAdder_Lab1/XorInput.vhd sub00/vhpl00 1645698960
AR xorinput behavioral C:/Users/ASUS.PIESC/OneDrive/Desktop/Programing/VHDL/FullAdder_Lab1/XorInput.vhd sub00/vhpl01 1645698961
