V3 19
FL C:/Users/ASUS.PIESC/OneDrive/Desktop/Programing/VHDL/FullAdder_Lab1/And2Input.vhd 2022/02/23.23:14:06 P.20131013
EN work/And2Input 1645699100 \
      FL C:/Users/ASUS.PIESC/OneDrive/Desktop/Programing/VHDL/FullAdder_Lab1/And2Input.vhd \
      PB ieee/std_logic_1164 1381692176
AR work/And2Input/Behavioral 1645699101 \
      FL C:/Users/ASUS.PIESC/OneDrive/Desktop/Programing/VHDL/FullAdder_Lab1/And2Input.vhd \
      EN work/And2Input 1645699100
FL C:/Users/ASUS.PIESC/OneDrive/Desktop/Programing/VHDL/FullAdder_Lab1/FullAdder.vhd 2022/02/24.14:08:15 P.20131013
EN work/FullAdder 1645699106 \
      FL C:/Users/ASUS.PIESC/OneDrive/Desktop/Programing/VHDL/FullAdder_Lab1/FullAdder.vhd \
      PB ieee/std_logic_1164 1381692176
AR work/FullAdder/structural 1645699107 \
      FL C:/Users/ASUS.PIESC/OneDrive/Desktop/Programing/VHDL/FullAdder_Lab1/FullAdder.vhd \
      EN work/FullAdder 1645699106 CP HalfAdder CP Or2Input
FL C:/Users/ASUS.PIESC/OneDrive/Desktop/Programing/VHDL/FullAdder_Lab1/HalfAdder.vhd 2022/02/23.23:28:44 P.20131013
EN work/HalfAdder 1645699102 \
      FL C:/Users/ASUS.PIESC/OneDrive/Desktop/Programing/VHDL/FullAdder_Lab1/HalfAdder.vhd \
      PB ieee/std_logic_1164 1381692176
AR work/HalfAdder/structure 1645699103 \
      FL C:/Users/ASUS.PIESC/OneDrive/Desktop/Programing/VHDL/FullAdder_Lab1/HalfAdder.vhd \
      EN work/HalfAdder 1645699102 CP XorInput CP And2Input
FL C:/Users/ASUS.PIESC/OneDrive/Desktop/Programing/VHDL/FullAdder_Lab1/Or2Input.vhd 2022/02/23.23:05:17 P.20131013
EN work/Or2Input 1645699104 \
      FL C:/Users/ASUS.PIESC/OneDrive/Desktop/Programing/VHDL/FullAdder_Lab1/Or2Input.vhd \
      PB ieee/std_logic_1164 1381692176
AR work/Or2Input/Behavioral 1645699105 \
      FL C:/Users/ASUS.PIESC/OneDrive/Desktop/Programing/VHDL/FullAdder_Lab1/Or2Input.vhd \
      EN work/Or2Input 1645699104
FL C:/Users/ASUS.PIESC/OneDrive/Desktop/Programing/VHDL/FullAdder_Lab1/XorInput.vhd 2022/02/23.23:08:57 P.20131013
EN work/XorInput 1645699098 \
      FL C:/Users/ASUS.PIESC/OneDrive/Desktop/Programing/VHDL/FullAdder_Lab1/XorInput.vhd \
      PB ieee/std_logic_1164 1381692176
AR work/XorInput/Behavioral 1645699099 \
      FL C:/Users/ASUS.PIESC/OneDrive/Desktop/Programing/VHDL/FullAdder_Lab1/XorInput.vhd \
      EN work/XorInput 1645699098
