EN dff NULL C:/Users/ASUS.PIESC/OneDrive/Desktop/Programing/VHDL/simple_CPU_adder_Lab11/DFF.vhd sub00/vhpl02 1654246597
EN rom NULL C:/Users/ASUS.PIESC/OneDrive/Desktop/Programing/VHDL/simple_CPU_adder_Lab11/ROM.vhd sub00/vhpl00 1654245366
AR dff arch C:/Users/ASUS.PIESC/OneDrive/Desktop/Programing/VHDL/simple_CPU_adder_Lab11/DFF.vhd sub00/vhpl03 1654246598
AR rom arch C:/Users/ASUS.PIESC/OneDrive/Desktop/Programing/VHDL/simple_CPU_adder_Lab11/ROM.vhd sub00/vhpl01 1654245367
EN register_dffbase NULL C:/Users/ASUS.PIESC/OneDrive/Desktop/Programing/VHDL/simple_CPU_adder_Lab11/Register_dffBase.vhd sub00/vhpl04 1654246599
