AR adder8 structural C:/Users/ASUS.PIESC/OneDrive/Desktop/Programing/VHDL/simple_CPU_adder_Lab11/adder8.vhd sub00/vhpl14 1654351229
EN multiplexer NULL C:/Users/ASUS.PIESC/OneDrive/Desktop/Programing/VHDL/simple_CPU_adder_Lab11/multiplexer.vhd sub00/vhpl05 1654248975
EN dflipflop NULL C:/Users/ASUS.PIESC/OneDrive/Desktop/Programing/VHDL/simple_CPU_adder_Lab11/DFLipFlop.vhd sub00/vhpl07 1654248977
AR register9bit behavioral C:/Users/ASUS.PIESC/OneDrive/Desktop/Programing/VHDL/simple_CPU_adder_Lab11/Register9Bit.vhd sub00/vhpl21 1654351237
EN dff NULL C:/Users/ASUS.PIESC/OneDrive/Desktop/Programing/VHDL/simple_CPU_adder_Lab11/DFF.vhd sub00/vhpl02 1654246597
EN rom NULL C:/Users/ASUS.PIESC/OneDrive/Desktop/Programing/VHDL/simple_CPU_adder_Lab11/ROM.vhd sub00/vhpl00 1654351230
AR rom behavioral C:/Users/ASUS.PIESC/OneDrive/Desktop/Programing/VHDL/simple_CPU_adder_Lab11/ROM.vhd sub00/vhpl15 1654351231
AR dff arch C:/Users/ASUS.PIESC/OneDrive/Desktop/Programing/VHDL/simple_CPU_adder_Lab11/DFF.vhd sub00/vhpl03 1654246598
EN register8bit NULL C:/Users/ASUS.PIESC/OneDrive/Desktop/Programing/VHDL/simple_CPU_adder_Lab11/Register8bit.vhd sub00/vhpl16 1654351232
EN fulladder NULL C:/Users/ASUS.PIESC/OneDrive/Desktop/Programing/VHDL/simple_CPU_adder_Lab11/FullAdder.vhd sub00/vhpl11 1654351226
AR rom arch C:/Users/ASUS.PIESC/OneDrive/Desktop/Programing/VHDL/simple_CPU_adder_Lab11/ROM.vhd sub00/vhpl01 1654245367
AR shiftregister structural C:/Users/ASUS.PIESC/OneDrive/Desktop/Programing/VHDL/simple_CPU_adder_Lab11/shiftRegister.vhd sub00/vhpl10 1654248980
EN shiftregister NULL C:/Users/ASUS.PIESC/OneDrive/Desktop/Programing/VHDL/simple_CPU_adder_Lab11/shiftRegister.vhd sub00/vhpl09 1654248979
AR dflipflop behavioral C:/Users/ASUS.PIESC/OneDrive/Desktop/Programing/VHDL/simple_CPU_adder_Lab11/DFLipFlop.vhd sub00/vhpl08 1654248978
EN adder8 NULL C:/Users/ASUS.PIESC/OneDrive/Desktop/Programing/VHDL/simple_CPU_adder_Lab11/adder8.vhd sub00/vhpl13 1654351228
AR simple_cpu structural C:/Users/ASUS.PIESC/OneDrive/Desktop/Programing/VHDL/simple_CPU_adder_Lab11/simple_CPU.vhd sub00/vhpl25 1654351241
AR ram16x8 behavioral C:/Users/ASUS.PIESC/OneDrive/Desktop/Programing/VHDL/simple_CPU_adder_Lab11/RAM.vhd sub00/vhpl23 1654351239
EN simple_cpu NULL C:/Users/ASUS.PIESC/OneDrive/Desktop/Programing/VHDL/simple_CPU_adder_Lab11/simple_CPU.vhd sub00/vhpl24 1654351240
EN alu_8bit NULL C:/Users/ASUS.PIESC/OneDrive/Desktop/Programing/VHDL/simple_CPU_adder_Lab11/ALU_8bit.vhd sub00/vhpl18 1654351234
AR register8bit behavioral C:/Users/ASUS.PIESC/OneDrive/Desktop/Programing/VHDL/simple_CPU_adder_Lab11/Register8bit.vhd sub00/vhpl17 1654351233
EN register_dffbase NULL C:/Users/ASUS.PIESC/OneDrive/Desktop/Programing/VHDL/simple_CPU_adder_Lab11/Register_dffBase.vhd sub00/vhpl04 1654246599
AR alu_8bit structural C:/Users/ASUS.PIESC/OneDrive/Desktop/Programing/VHDL/simple_CPU_adder_Lab11/ALU_8bit.vhd sub00/vhpl19 1654351235
EN register9bit NULL C:/Users/ASUS.PIESC/OneDrive/Desktop/Programing/VHDL/simple_CPU_adder_Lab11/Register9Bit.vhd sub00/vhpl20 1654351236
AR fulladder behavioral C:/Users/ASUS.PIESC/OneDrive/Desktop/Programing/VHDL/simple_CPU_adder_Lab11/FullAdder.vhd sub00/vhpl12 1654351227
AR multiplexer behavioral C:/Users/ASUS.PIESC/OneDrive/Desktop/Programing/VHDL/simple_CPU_adder_Lab11/multiplexer.vhd sub00/vhpl06 1654248976
EN ram16x8 NULL C:/Users/ASUS.PIESC/OneDrive/Desktop/Programing/VHDL/simple_CPU_adder_Lab11/RAM.vhd sub00/vhpl22 1654351238
