V3 50
FL C:/Users/ASUS.PIESC/OneDrive/Desktop/Programing/VHDL/simple_CPU_adder_Lab11/adder8.vhd 2022/06/04.18:20:39 P.20131013
EN work/adder8 1654351228 \
      FL C:/Users/ASUS.PIESC/OneDrive/Desktop/Programing/VHDL/simple_CPU_adder_Lab11/adder8.vhd \
      PB ieee/std_logic_1164 1381692176
AR work/adder8/structural 1654351229 \
      FL C:/Users/ASUS.PIESC/OneDrive/Desktop/Programing/VHDL/simple_CPU_adder_Lab11/adder8.vhd \
      EN work/adder8 1654351228 CP FullAdder
FL C:/Users/ASUS.PIESC/OneDrive/Desktop/Programing/VHDL/simple_CPU_adder_Lab11/ALU_8bit.vhd 2022/06/04.18:20:39 P.20131013
EN work/ALU_8bit 1654351234 \
      FL C:/Users/ASUS.PIESC/OneDrive/Desktop/Programing/VHDL/simple_CPU_adder_Lab11/ALU_8bit.vhd \
      PB ieee/std_logic_1164 1381692176 PB ieee/STD_LOGIC_UNSIGNED 1381692179 \
      PB ieee/NUMERIC_STD 1381692181
AR work/ALU_8bit/structural 1654351235 \
      FL C:/Users/ASUS.PIESC/OneDrive/Desktop/Programing/VHDL/simple_CPU_adder_Lab11/ALU_8bit.vhd \
      EN work/ALU_8bit 1654351234 CP adder8
FL C:/Users/ASUS.PIESC/OneDrive/Desktop/Programing/VHDL/simple_CPU_adder_Lab11/DFF.vhd 2022/06/03.13:26:35 P.20131013
EN work/DFF 1654246597 \
      FL C:/Users/ASUS.PIESC/OneDrive/Desktop/Programing/VHDL/simple_CPU_adder_Lab11/DFF.vhd \
      PB ieee/std_logic_1164 1381692176
AR work/DFF/arch 1654246598 \
      FL C:/Users/ASUS.PIESC/OneDrive/Desktop/Programing/VHDL/simple_CPU_adder_Lab11/DFF.vhd \
      EN work/DFF 1654246597
FL C:/Users/ASUS.PIESC/OneDrive/Desktop/Programing/VHDL/simple_CPU_adder_Lab11/DFLipFlop.vhd 2022/06/03.13:29:43 P.20131013
EN work/DFLipFlop 1654248977 \
      FL C:/Users/ASUS.PIESC/OneDrive/Desktop/Programing/VHDL/simple_CPU_adder_Lab11/DFLipFlop.vhd \
      PB ieee/std_logic_1164 1381692176
AR work/DFLipFlop/Behavioral 1654248978 \
      FL C:/Users/ASUS.PIESC/OneDrive/Desktop/Programing/VHDL/simple_CPU_adder_Lab11/DFLipFlop.vhd \
      EN work/DFLipFlop 1654248977
FL C:/Users/ASUS.PIESC/OneDrive/Desktop/Programing/VHDL/simple_CPU_adder_Lab11/FullAdder.vhd 2022/06/04.18:23:56 P.20131013
EN work/FullAdder 1654351226 \
      FL C:/Users/ASUS.PIESC/OneDrive/Desktop/Programing/VHDL/simple_CPU_adder_Lab11/FullAdder.vhd \
      PB ieee/std_logic_1164 1381692176
AR work/FullAdder/Behavioral 1654351227 \
      FL C:/Users/ASUS.PIESC/OneDrive/Desktop/Programing/VHDL/simple_CPU_adder_Lab11/FullAdder.vhd \
      EN work/FullAdder 1654351226
FL C:/Users/ASUS.PIESC/OneDrive/Desktop/Programing/VHDL/simple_CPU_adder_Lab11/multiplexer.vhd 2022/06/03.13:30:20 P.20131013
EN work/multiplexer 1654248975 \
      FL C:/Users/ASUS.PIESC/OneDrive/Desktop/Programing/VHDL/simple_CPU_adder_Lab11/multiplexer.vhd \
      PB ieee/std_logic_1164 1381692176
AR work/multiplexer/Behavioral 1654248976 \
      FL C:/Users/ASUS.PIESC/OneDrive/Desktop/Programing/VHDL/simple_CPU_adder_Lab11/multiplexer.vhd \
      EN work/multiplexer 1654248975
FL C:/Users/ASUS.PIESC/OneDrive/Desktop/Programing/VHDL/simple_CPU_adder_Lab11/RAM.vhd 2022/06/04.18:24:12 P.20131013
EN work/RAM16x8 1654351238 \
      FL C:/Users/ASUS.PIESC/OneDrive/Desktop/Programing/VHDL/simple_CPU_adder_Lab11/RAM.vhd \
      PB ieee/std_logic_1164 1381692176 PB ieee/NUMERIC_STD 1381692181 \
      PB ieee/STD_LOGIC_UNSIGNED 1381692179
AR work/RAM16x8/Behavioral 1654351239 \
      FL C:/Users/ASUS.PIESC/OneDrive/Desktop/Programing/VHDL/simple_CPU_adder_Lab11/RAM.vhd \
      EN work/RAM16x8 1654351238
FL C:/Users/ASUS.PIESC/OneDrive/Desktop/Programing/VHDL/simple_CPU_adder_Lab11/Register8bit.vhd 2022/06/04.18:26:19 P.20131013
EN work/Register8Bit 1654351232 \
      FL C:/Users/ASUS.PIESC/OneDrive/Desktop/Programing/VHDL/simple_CPU_adder_Lab11/Register8bit.vhd \
      PB ieee/std_logic_1164 1381692176
AR work/Register8Bit/Behavioral 1654351233 \
      FL C:/Users/ASUS.PIESC/OneDrive/Desktop/Programing/VHDL/simple_CPU_adder_Lab11/Register8bit.vhd \
      EN work/Register8Bit 1654351232
FL C:/Users/ASUS.PIESC/OneDrive/Desktop/Programing/VHDL/simple_CPU_adder_Lab11/Register9Bit.vhd 2022/06/04.18:26:52 P.20131013
EN work/Register9Bit 1654351236 \
      FL C:/Users/ASUS.PIESC/OneDrive/Desktop/Programing/VHDL/simple_CPU_adder_Lab11/Register9Bit.vhd \
      PB ieee/std_logic_1164 1381692176
AR work/Register9Bit/Behavioral 1654351237 \
      FL C:/Users/ASUS.PIESC/OneDrive/Desktop/Programing/VHDL/simple_CPU_adder_Lab11/Register9Bit.vhd \
      EN work/Register9Bit 1654351236
FL C:/Users/ASUS.PIESC/OneDrive/Desktop/Programing/VHDL/simple_CPU_adder_Lab11/Register_dffBase.vhd 2022/06/03.13:26:04 P.20131013
EN work/Register_dffBase 0 \
      FL C:/Users/ASUS.PIESC/OneDrive/Desktop/Programing/VHDL/simple_CPU_adder_Lab11/Register_dffBase.vhd \
      PB ieee/std_logic_1164 1381692176
AR work/Register_dffBase/Behavioral 0 \
      FL C:/Users/ASUS.PIESC/OneDrive/Desktop/Programing/VHDL/simple_CPU_adder_Lab11/Register_dffBase.vhd \
      EN work/Register_dffBase 0 CP DFF
FL C:/Users/ASUS.PIESC/OneDrive/Desktop/Programing/VHDL/simple_CPU_adder_Lab11/ROM.vhd 2022/06/04.18:24:33 P.20131013
AR work/ROM/arch -1 \
      FL C:/Users/ASUS.PIESC/OneDrive/Desktop/Programing/VHDL/simple_CPU_adder_Lab11/ROM.vhd \
      EN work/ROM 1654351230
EN work/ROM 1654351230 \
      FL C:/Users/ASUS.PIESC/OneDrive/Desktop/Programing/VHDL/simple_CPU_adder_Lab11/ROM.vhd \
      PB ieee/std_logic_1164 1381692176 PB ieee/NUMERIC_STD 1381692181 \
      PB ieee/STD_LOGIC_UNSIGNED 1381692179
AR work/ROM/Behavioral 1654351231 \
      FL C:/Users/ASUS.PIESC/OneDrive/Desktop/Programing/VHDL/simple_CPU_adder_Lab11/ROM.vhd \
      EN work/ROM 1654351230
FL C:/Users/ASUS.PIESC/OneDrive/Desktop/Programing/VHDL/simple_CPU_adder_Lab11/shiftRegister.vhd 2022/06/03.13:31:10 P.20131013
EN work/shiftRegister 1654248979 \
      FL C:/Users/ASUS.PIESC/OneDrive/Desktop/Programing/VHDL/simple_CPU_adder_Lab11/shiftRegister.vhd \
      PB ieee/std_logic_1164 1381692176
AR work/shiftRegister/structural 1654248980 \
      FL C:/Users/ASUS.PIESC/OneDrive/Desktop/Programing/VHDL/simple_CPU_adder_Lab11/shiftRegister.vhd \
      EN work/shiftRegister 1654248979 CP multiplexer CP DFLipFlop
FL C:/Users/ASUS.PIESC/OneDrive/Desktop/Programing/VHDL/simple_CPU_adder_Lab11/simple_CPU.vhd 2022/06/04.18:24:58 P.20131013
EN work/simple_CPU 1654351240 \
      FL C:/Users/ASUS.PIESC/OneDrive/Desktop/Programing/VHDL/simple_CPU_adder_Lab11/simple_CPU.vhd \
      PB ieee/std_logic_1164 1381692176
AR work/simple_CPU/structural 1654351241 \
      FL C:/Users/ASUS.PIESC/OneDrive/Desktop/Programing/VHDL/simple_CPU_adder_Lab11/simple_CPU.vhd \
      EN work/simple_CPU 1654351240 CP ROM CP Register8Bit CP ALU_8bit \
      CP Register9Bit CP RAM16x8
