EN fourbitrippleaddersubtractor NULL C:/Users/ASUS.PIESC/OneDrive/Desktop/Programing/VHDL/Adder_Lab6/FourBitRippleAdderSubtractor.vhd sub00/vhpl02 1650360632
AR fourbitrippleaddersubtractor behavioral C:/Users/ASUS.PIESC/OneDrive/Desktop/Programing/VHDL/Adder_Lab6/FourBitRippleAdderSubtractor.vhd sub00/vhpl03 1650360633
EN fulladder NULL C:/Users/ASUS.PIESC/OneDrive/Desktop/Programing/VHDL/Adder_Lab6/FullAdder.vhd sub00/vhpl00 1650360630
AR fulladder behavioral C:/Users/ASUS.PIESC/OneDrive/Desktop/Programing/VHDL/Adder_Lab6/FullAdder.vhd sub00/vhpl01 1650360631
