AR vhdl_moore_fsm_sequence_detector behavioral C:/Users/ASUS.PIESC/OneDrive/Desktop/Programing/VHDL/sequenceDetector_Lab4/VHDL_MOORE_FSM_Sequence_Detector.vhd sub00/vhpl01 1647555370
EN vhdl_moore_fsm_sequence_detector NULL C:/Users/ASUS.PIESC/OneDrive/Desktop/Programing/VHDL/sequenceDetector_Lab4/VHDL_MOORE_FSM_Sequence_Detector.vhd sub00/vhpl00 1647555369
