V3 3
FL C:/Users/ASUS.PIESC/OneDrive/Desktop/Programing/VHDL/sequenceDetector_Lab4/VHDL_MOORE_FSM_Sequence_Detector.vhd 2022/03/17.21:05:01 P.20131013
EN work/VHDL_MOORE_FSM_Sequence_Detector 1647552827 \
      FL C:/Users/ASUS.PIESC/OneDrive/Desktop/Programing/VHDL/sequenceDetector_Lab4/VHDL_MOORE_FSM_Sequence_Detector.vhd \
      PB ieee/std_logic_1164 1381692176
AR work/VHDL_MOORE_FSM_Sequence_Detector/Behavioral 1647552828 \
      FL C:/Users/ASUS.PIESC/OneDrive/Desktop/Programing/VHDL/sequenceDetector_Lab4/VHDL_MOORE_FSM_Sequence_Detector.vhd \
      EN work/VHDL_MOORE_FSM_Sequence_Detector 1647552827
