EN multiplexer NULL C:/Users/ASUS.PIESC/OneDrive/Desktop/Programing/VHDL/ShiftRegister_Lab8/multiplexer.vhd sub00/vhpl00 1651565423
EN dflipflop NULL C:/Users/ASUS.PIESC/OneDrive/Desktop/Programing/VHDL/ShiftRegister_Lab8/DFLipFlop.vhd sub00/vhpl02 1651565425
AR shiftregister structural C:/Users/ASUS.PIESC/OneDrive/Desktop/Programing/VHDL/ShiftRegister_Lab8/shiftRegister.vhd sub00/vhpl05 1651565428
EN shiftregister NULL C:/Users/ASUS.PIESC/OneDrive/Desktop/Programing/VHDL/ShiftRegister_Lab8/shiftRegister.vhd sub00/vhpl04 1651565427
AR dflipflop behavioral C:/Users/ASUS.PIESC/OneDrive/Desktop/Programing/VHDL/ShiftRegister_Lab8/DFLipFlop.vhd sub00/vhpl03 1651565426
AR multiplexer behavioral C:/Users/ASUS.PIESC/OneDrive/Desktop/Programing/VHDL/ShiftRegister_Lab8/multiplexer.vhd sub00/vhpl01 1651565424
