--------------------------------------------------------------------------------
Release 14.7 Trace  (nt64)
Copyright (c) 1995-2013 Xilinx, Inc.  All rights reserved.

C:\Xilinx\14.7\ISE_DS\ISE\bin\nt64\unwrapped\trce.exe -intstyle ise -v 3 -s 5
-n 3 -fastpaths -xml BCDAdder.twx BCDAdder.ncd -o BCDAdder.twr BCDAdder.pcf

Design file:              BCDAdder.ncd
Physical constraint file: BCDAdder.pcf
Device,package,speed:     xc3s50,pq208,-5 (PRODUCTION 1.39 2013-10-13)
Report level:             verbose report

Environment Variable      Effect 
--------------------      ------ 
NONE                      No environment variables were set
--------------------------------------------------------------------------------

INFO:Timing:2698 - No timing constraints found, doing default enumeration.
INFO:Timing:3412 - To improve timing, see the Timing Closure User Guide (UG612).
INFO:Timing:2752 - To get complete path coverage, use the unconstrained paths 
   option. All paths that are not constrained will be reported in the 
   unconstrained paths section(s) of the report.
INFO:Timing:3339 - The clock-to-out numbers in this timing report are based on 
   a 50 Ohm transmission line loading model.  For the details of this model, 
   and for more information on accounting for different loading conditions, 
   please see the device datasheet.
INFO:Timing:3390 - This architecture does not support a default System Jitter 
   value, please add SYSTEM_JITTER constraint to the UCF to modify the Clock 
   Uncertainty calculation.
INFO:Timing:3389 - This architecture does not support 'Discrete Jitter' and 
   'Phase Error' calculations, these terms will be zero in the Clock 
   Uncertainty calculation.  Please make appropriate modification to 
   SYSTEM_JITTER to account for the unsupported Discrete Jitter and Phase 
   Error.



Data Sheet report:
-----------------
All values displayed in nanoseconds (ns)

Pad to Pad
---------------+---------------+---------+
Source Pad     |Destination Pad|  Delay  |
---------------+---------------+---------+
Cin            |Cout           |   10.818|
Cin            |sum<1>         |   11.666|
Cin            |sum<2>         |   12.384|
Cin            |sum<3>         |   12.970|
a<0>           |Cout           |   10.249|
a<0>           |sum<0>         |    6.648|
a<0>           |sum<1>         |   11.097|
a<0>           |sum<2>         |   11.815|
a<0>           |sum<3>         |   12.401|
a<1>           |Cout           |    9.856|
a<1>           |sum<1>         |   10.704|
a<1>           |sum<2>         |   11.422|
a<1>           |sum<3>         |   12.008|
a<2>           |Cout           |    8.585|
a<2>           |sum<1>         |    9.433|
a<2>           |sum<2>         |   10.151|
a<2>           |sum<3>         |   10.737|
a<3>           |Cout           |    8.255|
a<3>           |sum<1>         |    9.103|
a<3>           |sum<2>         |    9.821|
a<3>           |sum<3>         |   10.407|
b<0>           |Cout           |   10.154|
b<0>           |sum<0>         |    6.826|
b<0>           |sum<1>         |   11.002|
b<0>           |sum<2>         |   11.720|
b<0>           |sum<3>         |   12.306|
b<1>           |Cout           |    9.689|
b<1>           |sum<1>         |   10.537|
b<1>           |sum<2>         |   11.255|
b<1>           |sum<3>         |   11.841|
b<2>           |Cout           |    8.617|
b<2>           |sum<1>         |    9.465|
b<2>           |sum<2>         |   10.183|
b<2>           |sum<3>         |   10.769|
b<3>           |Cout           |    8.098|
b<3>           |sum<1>         |    8.946|
b<3>           |sum<2>         |    9.664|
b<3>           |sum<3>         |   10.250|
---------------+---------------+---------+


Analysis completed Sun Apr 17 12:36:21 2022 
--------------------------------------------------------------------------------

Trace Settings:
-------------------------
Trace Settings 

Peak Memory Usage: 4469 MB



