Release 14.7 - xst P.20131013 (nt64)
Copyright (c) 1995-2013 Xilinx, Inc.  All rights reserved.
--> Parameter TMPDIR set to xst/projnav.tmp


Total REAL time to Xst completion: 0.00 secs
Total CPU time to Xst completion: 0.17 secs
 
--> Parameter xsthdpdir set to xst


Total REAL time to Xst completion: 0.00 secs
Total CPU time to Xst completion: 0.17 secs
 
--> Reading design: ALU_8bit.prj

TABLE OF CONTENTS
  1) Synthesis Options Summary
  2) HDL Compilation
  3) Design Hierarchy Analysis
  4) HDL Analysis
  5) HDL Synthesis
     5.1) HDL Synthesis Report
  6) Advanced HDL Synthesis
     6.1) Advanced HDL Synthesis Report
  7) Low Level Synthesis
  8) Partition Report
  9) Final Report
	9.1) Device utilization summary
	9.2) Partition Resource Summary
	9.3) TIMING REPORT


=========================================================================
*                      Synthesis Options Summary                        *
=========================================================================
---- Source Parameters
Input File Name                    : "ALU_8bit.prj"
Input Format                       : mixed
Ignore Synthesis Constraint File   : NO

---- Target Parameters
Output File Name                   : "ALU_8bit"
Output Format                      : NGC
Target Device                      : xc3s50-5-pq208

---- Source Options
Top Module Name                    : ALU_8bit
Automatic FSM Extraction           : YES
FSM Encoding Algorithm             : Auto
Safe Implementation                : No
FSM Style                          : LUT
RAM Extraction                     : Yes
RAM Style                          : Auto
ROM Extraction                     : Yes
Mux Style                          : Auto
Decoder Extraction                 : YES
Priority Encoder Extraction        : Yes
Shift Register Extraction          : YES
Logical Shifter Extraction         : YES
XOR Collapsing                     : YES
ROM Style                          : Auto
Mux Extraction                     : Yes
Resource Sharing                   : YES
Asynchronous To Synchronous        : NO
Multiplier Style                   : Auto
Automatic Register Balancing       : No

---- Target Options
Add IO Buffers                     : YES
Global Maximum Fanout              : 500
Add Generic Clock Buffer(BUFG)     : 8
Register Duplication               : YES
Slice Packing                      : YES
Optimize Instantiated Primitives   : NO
Use Clock Enable                   : Yes
Use Synchronous Set                : Yes
Use Synchronous Reset              : Yes
Pack IO Registers into IOBs        : Auto
Equivalent register Removal        : YES

---- General Options
Optimization Goal                  : Speed
Optimization Effort                : 1
Keep Hierarchy                     : No
Netlist Hierarchy                  : As_Optimized
RTL Output                         : Yes
Global Optimization                : AllClockNets
Read Cores                         : YES
Write Timing Constraints           : NO
Cross Clock Analysis               : NO
Hierarchy Separator                : /
Bus Delimiter                      : <>
Case Specifier                     : Maintain
Slice Utilization Ratio            : 100
BRAM Utilization Ratio             : 100
Verilog 2001                       : YES
Auto BRAM Packing                  : NO
Slice Utilization Ratio Delta      : 5

=========================================================================


=========================================================================
*                          HDL Compilation                              *
=========================================================================
Compiling vhdl file "C:/Users/ASUS.PIESC/OneDrive/Desktop/Programing/VHDL/BitALU_Lab10/XorInput.vhd" in Library work.
Architecture behavioral of Entity xorinput is up to date.
Compiling vhdl file "C:/Users/ASUS.PIESC/OneDrive/Desktop/Programing/VHDL/BitALU_Lab10/And2Input.vhd" in Library work.
Architecture behavioral of Entity and2input is up to date.
Compiling vhdl file "C:/Users/ASUS.PIESC/OneDrive/Desktop/Programing/VHDL/BitALU_Lab10/HalfAdder.vhd" in Library work.
Architecture structure of Entity halfadder is up to date.
Compiling vhdl file "C:/Users/ASUS.PIESC/OneDrive/Desktop/Programing/VHDL/BitALU_Lab10/Or2Input.vhd" in Library work.
Architecture behavioral of Entity or2input is up to date.
Compiling vhdl file "C:/Users/ASUS.PIESC/OneDrive/Desktop/Programing/VHDL/BitALU_Lab10/FullAdder.vhd" in Library work.
Architecture structural of Entity fulladder is up to date.
Compiling vhdl file "C:/Users/ASUS.PIESC/OneDrive/Desktop/Programing/VHDL/BitALU_Lab10/adder8.vhd" in Library work.
Architecture behavioral of Entity adder8 is up to date.
Compiling vhdl file "C:/Users/ASUS.PIESC/OneDrive/Desktop/Programing/VHDL/BitALU_Lab10/ALU_8bit.vhd" in Library work.
Entity <alu_8bit> compiled.
Entity <alu_8bit> (Architecture <behavioral>) compiled.

=========================================================================
*                     Design Hierarchy Analysis                         *
=========================================================================
Analyzing hierarchy for entity <ALU_8bit> in library <work> (architecture <behavioral>) with generics.
	N = 1

Analyzing hierarchy for entity <adder8> in library <work> (architecture <behavioral>).

Analyzing hierarchy for entity <FullAdder> in library <work> (architecture <structural>).

Analyzing hierarchy for entity <HalfAdder> in library <work> (architecture <structure>).

Analyzing hierarchy for entity <Or2Input> in library <work> (architecture <behavioral>).

Analyzing hierarchy for entity <XorInput> in library <work> (architecture <behavioral>).

Analyzing hierarchy for entity <And2Input> in library <work> (architecture <behavioral>).


=========================================================================
*                            HDL Analysis                               *
=========================================================================
Analyzing generic Entity <ALU_8bit> in library <work> (Architecture <behavioral>).
	N = 1
WARNING:Xst:819 - "C:/Users/ASUS.PIESC/OneDrive/Desktop/Programing/VHDL/BitALU_Lab10/ALU_8bit.vhd" line 65: One or more signals are missing in the process sensitivity list. To enable synthesis of FPGA/CPLD hardware, XST will assume that all necessary signals are present in the sensitivity list. Please note that the result of the synthesis may differ from the initial design specification. The missing signals are:
   <additionab>, <additiona1>
Entity <ALU_8bit> analyzed. Unit <ALU_8bit> generated.

Analyzing Entity <adder8> in library <work> (Architecture <behavioral>).
Entity <adder8> analyzed. Unit <adder8> generated.

Analyzing Entity <FullAdder> in library <work> (Architecture <structural>).
Entity <FullAdder> analyzed. Unit <FullAdder> generated.

Analyzing Entity <HalfAdder> in library <work> (Architecture <structure>).
Entity <HalfAdder> analyzed. Unit <HalfAdder> generated.

Analyzing Entity <XorInput> in library <work> (Architecture <behavioral>).
Entity <XorInput> analyzed. Unit <XorInput> generated.

Analyzing Entity <And2Input> in library <work> (Architecture <behavioral>).
Entity <And2Input> analyzed. Unit <And2Input> generated.

Analyzing Entity <Or2Input> in library <work> (Architecture <behavioral>).
Entity <Or2Input> analyzed. Unit <Or2Input> generated.


=========================================================================
*                           HDL Synthesis                               *
=========================================================================

Performing bidirectional port resolution...

Synthesizing Unit <Or2Input>.
    Related source file is "C:/Users/ASUS.PIESC/OneDrive/Desktop/Programing/VHDL/BitALU_Lab10/Or2Input.vhd".
Unit <Or2Input> synthesized.


Synthesizing Unit <XorInput>.
    Related source file is "C:/Users/ASUS.PIESC/OneDrive/Desktop/Programing/VHDL/BitALU_Lab10/XorInput.vhd".
    Found 1-bit xor2 for signal <c>.
Unit <XorInput> synthesized.


Synthesizing Unit <And2Input>.
    Related source file is "C:/Users/ASUS.PIESC/OneDrive/Desktop/Programing/VHDL/BitALU_Lab10/And2Input.vhd".
Unit <And2Input> synthesized.


Synthesizing Unit <HalfAdder>.
    Related source file is "C:/Users/ASUS.PIESC/OneDrive/Desktop/Programing/VHDL/BitALU_Lab10/HalfAdder.vhd".
Unit <HalfAdder> synthesized.


Synthesizing Unit <FullAdder>.
    Related source file is "C:/Users/ASUS.PIESC/OneDrive/Desktop/Programing/VHDL/BitALU_Lab10/FullAdder.vhd".
Unit <FullAdder> synthesized.


Synthesizing Unit <adder8>.
    Related source file is "C:/Users/ASUS.PIESC/OneDrive/Desktop/Programing/VHDL/BitALU_Lab10/adder8.vhd".
Unit <adder8> synthesized.


Synthesizing Unit <ALU_8bit>.
    Related source file is "C:/Users/ASUS.PIESC/OneDrive/Desktop/Programing/VHDL/BitALU_Lab10/ALU_8bit.vhd".
WARNING:Xst:646 - Signal <tmp<7:0>> is assigned but never used. This unconnected signal will be trimmed during the optimization process.
    Found 8-bit adder for signal <ALU_Result$addsub0000> created at line 81.
    Found 9-bit adder for signal <tmp>.
    Summary:
	inferred   2 Adder/Subtractor(s).
Unit <ALU_8bit> synthesized.


=========================================================================
HDL Synthesis Report

Macro Statistics
# Adders/Subtractors                                   : 2
 8-bit adder                                           : 1
 9-bit adder                                           : 1
# Xors                                                 : 32
 1-bit xor2                                            : 32

=========================================================================

=========================================================================
*                       Advanced HDL Synthesis                          *
=========================================================================

WARNING:Xst:1290 - Hierarchical block <and_gate_instance0> is unconnected in block <U2>.
   It will be removed from the design.
WARNING:Xst:1290 - Hierarchical block <and_gate_instance0> is unconnected in block <U2>.
   It will be removed from the design.
WARNING:Xst:1290 - Hierarchical block <and_gate_instance0> is unconnected in block <U2>.
   It will be removed from the design.
WARNING:Xst:1290 - Hierarchical block <and_gate_instance0> is unconnected in block <U2>.
   It will be removed from the design.
WARNING:Xst:1290 - Hierarchical block <and_gate_instance0> is unconnected in block <U2>.
   It will be removed from the design.
WARNING:Xst:1290 - Hierarchical block <and_gate_instance0> is unconnected in block <U2>.
   It will be removed from the design.
WARNING:Xst:1290 - Hierarchical block <and_gate_instance0> is unconnected in block <U2>.
   It will be removed from the design.

=========================================================================
Advanced HDL Synthesis Report

Macro Statistics
# Adders/Subtractors                                   : 2
 8-bit adder                                           : 1
 9-bit adder                                           : 1
# Xors                                                 : 32
 1-bit xor2                                            : 32

=========================================================================

=========================================================================
*                         Low Level Synthesis                           *
=========================================================================

Optimizing unit <ALU_8bit> ...

Optimizing unit <adder8> ...

Mapping all equations...
Building and optimizing final netlist ...
Found area constraint ratio of 100 (+ 5) on block ALU_8bit, actual ratio is 4.

Final Macro Processing ...

=========================================================================
Final Register Report

Found no macro
=========================================================================

=========================================================================
*                           Partition Report                            *
=========================================================================

Partition Implementation Status
-------------------------------

  No Partitions were found in this design.

-------------------------------

=========================================================================
*                            Final Report                               *
=========================================================================
Final Results
RTL Top Level Output File Name     : ALU_8bit.ngr
Top Level Output File Name         : ALU_8bit
Output Format                      : NGC
Optimization Goal                  : Speed
Keep Hierarchy                     : No

Design Statistics
# IOs                              : 28

Cell Usage :
# BELS                             : 107
#      GND                         : 1
#      LUT1                        : 7
#      LUT2                        : 18
#      LUT3                        : 9
#      LUT4                        : 25
#      MUXCY                       : 15
#      MUXF5                       : 16
#      MUXF6                       : 7
#      VCC                         : 1
#      XORCY                       : 8
# IO Buffers                       : 28
#      IBUF                        : 19
#      OBUF                        : 9
=========================================================================

Device utilization summary:
---------------------------

Selected Device : 3s50pq208-5 

 Number of Slices:                       31  out of    768     4%  
 Number of 4 input LUTs:                 59  out of   1536     3%  
 Number of IOs:                          28
 Number of bonded IOBs:                  28  out of    124    22%  

---------------------------
Partition Resource Summary:
---------------------------

  No Partitions were found in this design.

---------------------------


=========================================================================
TIMING REPORT

NOTE: THESE TIMING NUMBERS ARE ONLY A SYNTHESIS ESTIMATE.
      FOR ACCURATE TIMING INFORMATION PLEASE REFER TO THE TRACE REPORT
      GENERATED AFTER PLACE-and-ROUTE.

Clock Information:
------------------
No clock signals found in this design

Asynchronous Control Signals Information:
----------------------------------------
No asynchronous control signals found in this design

Timing Summary:
---------------
Speed Grade: -5

   Minimum period: No path found
   Minimum input arrival time before clock: No path found
   Maximum output required time after clock: No path found
   Maximum combinational path delay: 16.753ns

Timing Detail:
--------------
All values displayed in nanoseconds (ns)

=========================================================================
Timing constraint: Default path analysis
  Total number of paths / destination ports: 365 / 9
-------------------------------------------------------------------------
Delay:               16.753ns (Levels of Logic = 11)
  Source:            A<1> (PAD)
  Destination:       ALU_Out<7> (PAD)

  Data Path: A<1> to ALU_Out<7>
                                Gate     Net
    Cell:in->out      fanout   Delay   Delay  Logical Name (Net Name)
    ----------------------------------------  ------------
     IBUF:I->O            11   0.715   1.267  A_1_IBUF (A_1_IBUF)
     LUT4:I0->O            3   0.479   0.830  addition1/Cout61 (addition1/Cout_bdd10)
     LUT3:I2->O            3   0.479   0.830  addition1/Cout51 (addition1/Cout_bdd8)
     LUT3:I2->O            3   0.479   0.830  addition1/Cout41 (addition1/Cout_bdd6)
     LUT3:I2->O            3   0.479   0.830  addition1/Cout31 (addition1/Cout_bdd4)
     LUT3:I2->O            3   0.479   0.830  addition1/Cout21 (addition1/Cout_bdd2)
     LUT3:I2->O            3   0.479   1.066  addition1/Cout11 (addition1/Cout_bdd0)
     LUT4:I0->O            1   0.479   0.000  ALU_Result<7>2 (ALU_Result<7>1)
     MUXF5:I1->O           1   0.314   0.000  ALU_Result<7>_f5_0 (ALU_Result<7>_f51)
     MUXF6:I0->O           1   0.298   0.681  ALU_Result<7>_f6 (ALU_Out_7_OBUF)
     OBUF:I->O                 4.909          ALU_Out_7_OBUF (ALU_Out<7>)
    ----------------------------------------
    Total                     16.753ns (9.589ns logic, 7.164ns route)
                                       (57.2% logic, 42.8% route)

=========================================================================


Total REAL time to Xst completion: 10.00 secs
Total CPU time to Xst completion: 10.41 secs
 
--> 

Total memory usage is 4513448 kilobytes

Number of errors   :    0 (   0 filtered)
Number of warnings :    9 (   0 filtered)
Number of infos    :    0 (   0 filtered)

