EN multiplexer NULL C:/Users/ASUS.PIESC/OneDrive/Desktop/Programing/VHDL/HW8/multiplexer.vhd sub00/vhpl00 1651564509
AR shiftregister behavioral "C:/Users/ABTIN/Documents/amirkabir un/term 4/Computer Architecture/Lab/HW8/HW8/shiftRegister.vhd" sub00/vhpl05 1651034435
EN dflipflop NULL C:/Users/ASUS.PIESC/OneDrive/Desktop/Programing/VHDL/HW8/DFF.vhd sub00/vhpl02 1651564511
AR shiftregister structural C:/Users/ASUS.PIESC/OneDrive/Desktop/Programing/VHDL/HW8/shiftRegister.vhd sub00/vhpl06 1651564514
EN shiftregister NULL C:/Users/ASUS.PIESC/OneDrive/Desktop/Programing/VHDL/HW8/shiftRegister.vhd sub00/vhpl04 1651564513
AR dflipflop behavioral C:/Users/ASUS.PIESC/OneDrive/Desktop/Programing/VHDL/HW8/DFF.vhd sub00/vhpl03 1651564512
AR multiplexer behavioral C:/Users/ASUS.PIESC/OneDrive/Desktop/Programing/VHDL/HW8/multiplexer.vhd sub00/vhpl01 1651564510
