EN fourbitrippleadder NULL C:/Users/ASUS.PIESC/OneDrive/Desktop/Programing/VHDL/BCDAdder_Lab5/FourBitRippleAdder.vhd sub00/vhpl02 1650182756
AR fourbitrippleadder behavioral C:/Users/ASUS.PIESC/OneDrive/Desktop/Programing/VHDL/BCDAdder_Lab5/FourBitRippleAdder.vhd sub00/vhpl03 1650182757
EN fulladder NULL C:/Users/ASUS.PIESC/OneDrive/Desktop/Programing/VHDL/BCDAdder_Lab5/FullAdder.vhd sub00/vhpl00 1650182754
EN bcdadder NULL C:/Users/ASUS.PIESC/OneDrive/Desktop/Programing/VHDL/BCDAdder_Lab5/BCDAdder.vhd sub00/vhpl04 1650182758
AR bcdadder behavioral C:/Users/ASUS.PIESC/OneDrive/Desktop/Programing/VHDL/BCDAdder_Lab5/BCDAdder.vhd sub00/vhpl05 1650182759
AR fulladder behavioral C:/Users/ASUS.PIESC/OneDrive/Desktop/Programing/VHDL/BCDAdder_Lab5/FullAdder.vhd sub00/vhpl01 1650182755
