EN fourbitrippleadder NULL C:/Users/ASUS.PIESC/OneDrive/Desktop/Programing/VHDL/BCDAdder_Lab5/FourBitRippleAdder.vhd sub00/vhpl02 1650182424
AR fourbitrippleadder behavioral C:/Users/ASUS.PIESC/OneDrive/Desktop/Programing/VHDL/BCDAdder_Lab5/FourBitRippleAdder.vhd sub00/vhpl03 1650182425
EN fulladder NULL C:/Users/ASUS.PIESC/OneDrive/Desktop/Programing/VHDL/BCDAdder_Lab5/FullAdder.vhd sub00/vhpl00 1650182422
EN bcdadder NULL C:/Users/ASUS.PIESC/OneDrive/Desktop/Programing/VHDL/BCDAdder_Lab5/BCDAdder.vhd sub00/vhpl04 1650182426
AR fulladder behavioral C:/Users/ASUS.PIESC/OneDrive/Desktop/Programing/VHDL/BCDAdder_Lab5/FullAdder.vhd sub00/vhpl01 1650182423
