V3 11
FL C:/Users/ASUS.PIESC/OneDrive/Desktop/Programing/VHDL/BCDAdder_Lab5/BCDAdder.vhd 2022/04/17.12:35:49 P.20131013
EN work/BCDAdder 1650182758 \
      FL C:/Users/ASUS.PIESC/OneDrive/Desktop/Programing/VHDL/BCDAdder_Lab5/BCDAdder.vhd \
      PB ieee/std_logic_1164 1381692176
AR work/BCDAdder/Behavioral 1650182759 \
      FL C:/Users/ASUS.PIESC/OneDrive/Desktop/Programing/VHDL/BCDAdder_Lab5/BCDAdder.vhd \
      EN work/BCDAdder 1650182758 CP FourBitRippleAdder
FL C:/Users/ASUS.PIESC/OneDrive/Desktop/Programing/VHDL/BCDAdder_Lab5/FourBitRippleAdder.vhd 2022/04/17.11:43:56 P.20131013
EN work/FourBitRippleAdder 1650182756 \
      FL C:/Users/ASUS.PIESC/OneDrive/Desktop/Programing/VHDL/BCDAdder_Lab5/FourBitRippleAdder.vhd \
      PB ieee/std_logic_1164 1381692176
AR work/FourBitRippleAdder/Behavioral 1650182757 \
      FL C:/Users/ASUS.PIESC/OneDrive/Desktop/Programing/VHDL/BCDAdder_Lab5/FourBitRippleAdder.vhd \
      EN work/FourBitRippleAdder 1650182756 CP FullAdder
FL C:/Users/ASUS.PIESC/OneDrive/Desktop/Programing/VHDL/BCDAdder_Lab5/FullAdder.vhd 2022/04/17.11:43:56 P.20131013
EN work/FullAdder 1650182754 \
      FL C:/Users/ASUS.PIESC/OneDrive/Desktop/Programing/VHDL/BCDAdder_Lab5/FullAdder.vhd \
      PB ieee/std_logic_1164 1381692176
AR work/FullAdder/Behavioral 1650182755 \
      FL C:/Users/ASUS.PIESC/OneDrive/Desktop/Programing/VHDL/BCDAdder_Lab5/FullAdder.vhd \
      EN work/FullAdder 1650182754
