AR nand_gate behavioral C:/Users/ASUS.PIESC/OneDrive/Desktop/Programing/VHDL/Xor_nand_Lab2/nand_gate.vhd sub00/vhpl01 1645706979
AR xor_gate structural C:/Users/ASUS.PIESC/OneDrive/Desktop/Programing/VHDL/Xor_nand_Lab2/Xor_gate.vhd sub00/vhpl03 1645706981
EN xor_gate NULL C:/Users/ASUS.PIESC/OneDrive/Desktop/Programing/VHDL/Xor_nand_Lab2/Xor_gate.vhd sub00/vhpl02 1645706980
EN nand_gate NULL C:/Users/ASUS.PIESC/OneDrive/Desktop/Programing/VHDL/Xor_nand_Lab2/nand_gate.vhd sub00/vhpl00 1645706978
