V3 3
FL C:/Users/ASUS.PIESC/OneDrive/Desktop/Programing/VHDL/FlipFlop_Lab3/JKFlipFlop.vhd 2022/03/02.09:18:12 P.20131013
EN work/JKFlipFlop 1646201683 \
      FL C:/Users/ASUS.PIESC/OneDrive/Desktop/Programing/VHDL/FlipFlop_Lab3/JKFlipFlop.vhd \
      PB ieee/std_logic_1164 1381692176
AR work/JKFlipFlop/Behavioral 1646201684 \
      FL C:/Users/ASUS.PIESC/OneDrive/Desktop/Programing/VHDL/FlipFlop_Lab3/JKFlipFlop.vhd \
      EN work/JKFlipFlop 1646201683
