EN halfadder NULL C:/Users/ASUS.PIESC/OneDrive/Desktop/Programing/VHDL/BitALU_Lab10/HalfAdder.vhd sub00/vhpl00 1652988823
EN or2input NULL C:/Users/ASUS.PIESC/OneDrive/Desktop/Programing/VHDL/BitALU_Lab10/Or2Input.vhd sub00/vhpl12 1652988825
AR fulladder structural C:/Users/ASUS.PIESC/OneDrive/Desktop/Programing/VHDL/BitALU_Lab10/FullAdder.vhd sub00/vhpl03 1652988828
EN fulladder NULL C:/Users/ASUS.PIESC/OneDrive/Desktop/Programing/VHDL/BitALU_Lab10/FullAdder.vhd sub00/vhpl02 1652988827
AR or2input behavioral C:/Users/ASUS.PIESC/OneDrive/Desktop/Programing/VHDL/BitALU_Lab10/Or2Input.vhd sub00/vhpl13 1652988826
AR halfadder structure C:/Users/ASUS.PIESC/OneDrive/Desktop/Programing/VHDL/BitALU_Lab10/HalfAdder.vhd sub00/vhpl01 1652988824
EN adder8 NULL C:/Users/ASUS.PIESC/OneDrive/Desktop/Programing/VHDL/BitALU_Lab10/adder8.vhd sub00/vhpl04 1652988829
AR alu_8bit behavioral C:/Users/ASUS.PIESC/OneDrive/Desktop/Programing/VHDL/BitALU_Lab10/ALU_8bit.vhd sub00/vhpl07 1652988832
EN and2input NULL C:/Users/ASUS.PIESC/OneDrive/Desktop/Programing/VHDL/BitALU_Lab10/And2Input.vhd sub00/vhpl10 1652988821
AR and2input behavioral C:/Users/ASUS.PIESC/OneDrive/Desktop/Programing/VHDL/BitALU_Lab10/And2Input.vhd sub00/vhpl11 1652988822
AR adder8 behavioral C:/Users/ASUS.PIESC/OneDrive/Desktop/Programing/VHDL/BitALU_Lab10/adder8.vhd sub00/vhpl05 1652988830
EN alu_8bit NULL C:/Users/ASUS.PIESC/OneDrive/Desktop/Programing/VHDL/BitALU_Lab10/ALU_8bit.vhd sub00/vhpl06 1652988831
EN xorinput NULL C:/Users/ASUS.PIESC/OneDrive/Desktop/Programing/VHDL/BitALU_Lab10/XorInput.vhd sub00/vhpl08 1652988819
AR xorinput behavioral C:/Users/ASUS.PIESC/OneDrive/Desktop/Programing/VHDL/BitALU_Lab10/XorInput.vhd sub00/vhpl09 1652988820
