EN halfadder NULL C:/Users/ASUS.PIESC/OneDrive/Desktop/Programing/VHDL/BitALU_Lab10/HalfAdder.vhd sub00/vhpl00 1652987957
AR fulladder structural C:/Users/ASUS.PIESC/OneDrive/Desktop/Programing/VHDL/BitALU_Lab10/FullAdder.vhd sub00/vhpl03 1652987960
EN fulladder NULL C:/Users/ASUS.PIESC/OneDrive/Desktop/Programing/VHDL/BitALU_Lab10/FullAdder.vhd sub00/vhpl02 1652987959
AR halfadder structure C:/Users/ASUS.PIESC/OneDrive/Desktop/Programing/VHDL/BitALU_Lab10/HalfAdder.vhd sub00/vhpl01 1652987958
EN adder8 NULL C:/Users/ASUS.PIESC/OneDrive/Desktop/Programing/VHDL/BitALU_Lab10/adder8.vhd sub00/vhpl04 1652987961
AR adder8 behavioral C:/Users/ASUS.PIESC/OneDrive/Desktop/Programing/VHDL/BitALU_Lab10/adder8.vhd sub00/vhpl05 1652987962
EN alu_8bit NULL C:/Users/ASUS.PIESC/OneDrive/Desktop/Programing/VHDL/BitALU_Lab10/ALU_8bit.vhd sub00/vhpl06 1652987963
