AR and4input behavioral C:/Users/ASUS.PIESC/OneDrive/Desktop/Programing/VHDL/and_Lab1/and4Input.vhd sub00/vhpl03 1645564697
EN and2input NULL C:/Users/ASUS.PIESC/OneDrive/Desktop/Programing/VHDL/and_Lab1/and2Input.vhd sub00/vhpl00 1645564694
AR and2input behavioral C:/Users/ASUS.PIESC/OneDrive/Desktop/Programing/VHDL/and_Lab1/and2Input.vhd sub00/vhpl01 1645564695
EN and4input NULL C:/Users/ASUS.PIESC/OneDrive/Desktop/Programing/VHDL/and_Lab1/and4Input.vhd sub00/vhpl02 1645564696
