V3 7
FL C:/Users/ASUS.PIESC/OneDrive/Desktop/Programing/VHDL/and_Lab1/and2Input.vhd 2022/02/23.00:34:14 P.20131013
EN work/and2Input 1645564694 \
      FL C:/Users/ASUS.PIESC/OneDrive/Desktop/Programing/VHDL/and_Lab1/and2Input.vhd \
      PB ieee/std_logic_1164 1381692176
AR work/and2Input/Behavioral 1645564695 \
      FL C:/Users/ASUS.PIESC/OneDrive/Desktop/Programing/VHDL/and_Lab1/and2Input.vhd \
      EN work/and2Input 1645564694
FL C:/Users/ASUS.PIESC/OneDrive/Desktop/Programing/VHDL/and_Lab1/and4Input.vhd 2022/02/23.00:48:12 P.20131013
EN work/and4Input 1645564696 \
      FL C:/Users/ASUS.PIESC/OneDrive/Desktop/Programing/VHDL/and_Lab1/and4Input.vhd \
      PB ieee/std_logic_1164 1381692176
AR work/and4Input/Behavioral 1645564697 \
      FL C:/Users/ASUS.PIESC/OneDrive/Desktop/Programing/VHDL/and_Lab1/and4Input.vhd \
      EN work/and4Input 1645564696 CP and2Input
