V3 3
FL C:/Users/ASUS.PIESC/OneDrive/Desktop/Programing/VHDL/and_Lab1/and2Input.vhd 2022/02/23.00:34:14 P.20131013
EN work/and2Input 1645563858 \
      FL C:/Users/ASUS.PIESC/OneDrive/Desktop/Programing/VHDL/and_Lab1/and2Input.vhd \
      PB ieee/std_logic_1164 1381692176
AR work/and2Input/Behavioral 1645563859 \
      FL C:/Users/ASUS.PIESC/OneDrive/Desktop/Programing/VHDL/and_Lab1/and2Input.vhd \
      EN work/and2Input 1645563858
